
Welcome to Gradle 8.4!

Here are the highlights of this release:
 - Compiling and testing with Java 21
 - Faster Java compilation on Windows
 - Role focused dependency configurations creation

For more details see https://docs.gradle.org/8.4/release-notes.html

Starting a Gradle Daemon (subsequent builds will be faster)
Checking the license for package Android SDK Build-Tools 33.0.1 in /usr/local/lib/android/sdk/licenses
License for package Android SDK Build-Tools 33.0.1 accepted.
Preparing "Install Android SDK Build-Tools 33.0.1 v.33.0.1".
"Install Android SDK Build-Tools 33.0.1 v.33.0.1" ready.
Installing Android SDK Build-Tools 33.0.1 in /usr/local/lib/android/sdk/build-tools/33.0.1
"Install Android SDK Build-Tools 33.0.1 v.33.0.1" complete.
"Install Android SDK Build-Tools 33.0.1 v.33.0.1" finished.
> Task :app:buildKotlinToolingMetadata
> Task :app:checkKotlinGradlePluginConfigurationErrors
> Task :app:preBuild UP-TO-DATE
> Task :app:preReleaseBuild UP-TO-DATE
> Task :app:generateReleaseResValues
> Task :app:checkReleaseAarMetadata
> Task :app:mapReleaseSourceSetPaths
> Task :app:generateReleaseResources
> Task :app:packageReleaseResources
> Task :app:createReleaseCompatibleScreenManifests
> Task :app:extractDeepLinksRelease
> Task :app:mergeReleaseResources
> Task :app:parseReleaseLocalResources
> Task :app:processReleaseMainManifest
> Task :app:processReleaseManifest
> Task :app:javaPreCompileRelease
> Task :app:extractProguardFiles
> Task :app:mergeReleaseJniLibFolders
> Task :app:mergeReleaseNativeLibs NO-SOURCE
> Task :app:stripReleaseDebugSymbols NO-SOURCE
> Task :app:extractReleaseNativeSymbolTables NO-SOURCE
> Task :app:mergeReleaseNativeDebugMetadata NO-SOURCE
> Task :app:checkReleaseDuplicateClasses
> Task :app:desugarReleaseFileDependencies
> Task :app:processReleaseManifestForPackage
> Task :app:mergeExtDexRelease
> Task :app:mergeReleaseArtProfile
> Task :app:mergeReleaseShaders
> Task :app:compileReleaseShaders NO-SOURCE
> Task :app:generateReleaseAssets UP-TO-DATE
> Task :app:mergeReleaseAssets
> Task :app:compressReleaseAssets
> Task :app:collectReleaseDependencies
> Task :app:sdkReleaseDependencyData
> Task :app:validateSigningRelease
> Task :app:writeReleaseAppMetadata
> Task :app:writeReleaseSigningConfigVersions
> Task :app:processReleaseResources
> Task :app:optimizeReleaseResources

> Task :app:compileReleaseKotlin
e: file:///home/runner/work/ITN-Secure-Browser/ITN-Secure-Browser/app/src/main/java/com/itn/securebrowser/ui/sheets/SettingsSheets.kt:70:9 Unresolved reference: Column
e: file:///home/runner/work/ITN-Secure-Browser/ITN-Secure-Browser/app/src/main/java/com/itn/securebrowser/ui/sheets/SettingsSheets.kt:75:35 Unresolved reference: Arrangement
e: file:///home/runner/work/ITN-Secure-Browser/ITN-Secure-Browser/app/src/main/java/com/itn/securebrowser/ui/sheets/SettingsSheets.kt:77:13 @Composable invocations can only happen from the context of a @Composable function
e: file:///home/runner/work/ITN-Secure-Browser/ITN-Secure-Browser/app/src/main/java/com/itn/securebrowser/ui/sheets/SettingsSheets.kt:80:38 @Composable invocations can only happen from the context of a @Composable function
e: file:///home/runner/work/ITN-Secure-Browser/ITN-Secure-Browser/app/src/main/java/com/itn/securebrowser/ui/sheets/SettingsSheets.kt:83:13 @Composable invocations can only happen from the context of a @Composable function
e: file:///home/runner/work/ITN-Secure-Browser/ITN-Secure-Browser/app/src/main/java/com/itn/securebrowser/ui/sheets/SettingsSheets.kt:84:13 @Composable invocations can only happen from the context of a @Composable function
e: file:///home/runner/work/ITN-Secure-Browser/ITN-Secure-Browser/app/src/main/java/com/itn/securebrowser/ui/sheets/SettingsSheets.kt:86:39 @Composable invocations can only happen from the context of a @Composable function
e: file:///home/runner/work/ITN-Secure-Browser/ITN-Secure-Browser/app/src/main/java/com/itn/securebrowser/ui/sheets/SettingsSheets.kt:87:39 @Composable invocations can only happen from the context of a @Composable function
e: file:///home/runner/work/ITN-Secure-Browser/ITN-Secure-Browser/app/src/main/java/com/itn/securebrowser/ui/sheets/SettingsSheets.kt:105:13 Unresolved reference: Column
e: file:///home/runner/work/ITN-Secure-Browser/ITN-Secure-Browser/app/src/main/java/com/itn/securebrowser/ui/sheets/SettingsSheets.kt:110:39 Unresolved reference: Arrangement
e: file:///home/runner/work/ITN-Secure-Browser/ITN-Secure-Browser/app/src/main/java/com/itn/securebrowser/ui/sheets/SettingsSheets.kt:112:17 @Composable invocations can only happen from the context of a @Composable function
e: file:///home/runner/work/ITN-Secure-Browser/ITN-Secure-Browser/app/src/main/java/com/itn/securebrowser/ui/sheets/SettingsSheets.kt:115:42 @Composable invocations can only happen from the context of a @Composable function
e: file:///home/runner/work/ITN-Secure-Browser/ITN-Secure-Browser/app/src/main/java/com/itn/securebrowser/ui/sheets/SettingsSheets.kt:118:17 @Composable invocations can only happen from the context of a @Composable function
e: file:///home/runner/work/ITN-Secure-Browser/ITN-Secure-Browser/app/src/main/java/com/itn/securebrowser/ui/sheets/SettingsSheets.kt:119:17 @Composable invocations can only happen from the context of a @Composable function
e: file:///home/runner/work/ITN-Secure-Browser/ITN-Secure-Browser/app/src/main/java/com/itn/securebrowser/ui/sheets/SettingsSheets.kt:119:22 @Composable invocations can only happen from the context of a @Composable function
e: file:///home/runner/work/ITN-Secure-Browser/ITN-Secure-Browser/app/src/main/java/com/itn/securebrowser/ui/sheets/SettingsSheets.kt:119:89 @Composable invocations can only happen from the context of a @Composable function
e: file:///home/runner/work/ITN-Secure-Browser/ITN-Secure-Browser/app/src/main/java/com/itn/securebrowser/ui/sheets/SettingsSheets.kt:120:17 @Composable invocations can only happen from the context of a @Composable function
e: file:///home/runner/work/ITN-Secure-Browser/ITN-Secure-Browser/app/src/main/java/com/itn/securebrowser/ui/sheets/SettingsSheets.kt:121:21 @Composable invocations can only happen from the context of a @Composable function
e: file:///home/runner/work/ITN-Secure-Browser/ITN-Secure-Browser/app/src/main/java/com/itn/securebrowser/ui/sheets/SettingsSheets.kt:122:43 @Composable invocations can only happen from the context of a @Composable function
e: file:///home/runner/work/ITN-Secure-Browser/ITN-Secure-Browser/app/src/main/java/com/itn/securebrowser/ui/sheets/SettingsSheets.kt:123:43 @Composable invocations can only happen from the context of a @Composable function
e: file:///home/runner/work/ITN-Secure-Browser/ITN-Secure-Browser/app/src/main/java/com/itn/securebrowser/ui/sheets/SettingsSheets.kt:154:9 Unresolved reference: TextButton
e: file:///home/runner/work/ITN-Secure-Browser/ITN-Secure-Browser/app/src/main/java/com/itn/securebrowser/ui/sheets/SettingsSheets.kt:160:13 @Composable invocations can only happen from the context of a @Composable function
e: file:///home/runner/work/ITN-Secure-Browser/ITN-Secure-Browser/app/src/main/java/com/itn/securebrowser/ui/sheets/SettingsSheets.kt:161:13 @Composable invocations can only happen from the context of a @Composable function
e: file:///home/runner/work/ITN-Secure-Browser/ITN-Secure-Browser/app/src/main/java/com/itn/securebrowser/ui/sheets/SettingsSheets.kt:161:18 @Composable invocations can only happen from the context of a @Composable function
e: file:///home/runner/work/ITN-Secure-Browser/ITN-Secure-Browser/app/src/main/java/com/itn/securebrowser/ui/sheets/SettingsSheets.kt:173:8 Unresolved reference: ExperimentalMaterial3Api
e: file:///home/runner/work/ITN-Secure-Browser/ITN-Secure-Browser/app/src/main/java/com/itn/securebrowser/ui/sheets/SettingsSheets.kt:173:8 An annotation argument must be a compile-time constant
e: file:///home/runner/work/ITN-Secure-Browser/ITN-Secure-Browser/app/src/main/java/com/itn/securebrowser/ui/sheets/SettingsSheets.kt:381:8 Unresolved reference: ExperimentalMaterial3Api
e: file:///home/runner/work/ITN-Secure-Browser/ITN-Secure-Browser/app/src/main/java/com/itn/securebrowser/ui/sheets/SettingsSheets.kt:381:8 An annotation argument must be a compile-time constant
e: file:///home/runner/work/ITN-Secure-Browser/ITN-Secure-Browser/app/src/main/java/com/itn/securebrowser/ui/sheets/SettingsSheets.kt:381:41 Unresolved reference: ExperimentalLayoutApi
e: file:///home/runner/work/ITN-Secure-Browser/ITN-Secure-Browser/app/src/main/java/com/itn/securebrowser/ui/sheets/SettingsSheets.kt:381:41 An annotation argument must be a compile-time constant

> Task :app:compileReleaseKotlin FAILED

FAILURE: Build failed with an exception.

* What went wrong:
Execution failed for task ':app:compileReleaseKotlin'.
> A failure occurred while executing org.jetbrains.kotlin.compilerRunner.GradleCompilerRunnerWithWorkers$GradleKotlinCompilerWorkAction
   > Compilation error. See log for more details

* Try:
> Run with --stacktrace option to get the stack trace.
> Run with --info or --debug option to get more log output.
> Run with --scan to get full insights.
> Get more help at https://help.gradle.org.

BUILD FAILED in 2m 39s
31 actionable tasks: 31 executed
