
Welcome to Gradle 8.4!

Here are the highlights of this release:
 - Compiling and testing with Java 21
 - Faster Java compilation on Windows
 - Role focused dependency configurations creation

For more details see https://docs.gradle.org/8.4/release-notes.html

Starting a Gradle Daemon (subsequent builds will be faster)
Checking the license for package Android SDK Build-Tools 33.0.1 in /usr/local/lib/android/sdk/licenses
License for package Android SDK Build-Tools 33.0.1 accepted.
Preparing "Install Android SDK Build-Tools 33.0.1 v.33.0.1".
"Install Android SDK Build-Tools 33.0.1 v.33.0.1" ready.
Installing Android SDK Build-Tools 33.0.1 in /usr/local/lib/android/sdk/build-tools/33.0.1
"Install Android SDK Build-Tools 33.0.1 v.33.0.1" complete.
"Install Android SDK Build-Tools 33.0.1 v.33.0.1" finished.
> Task :app:buildKotlinToolingMetadata
> Task :app:checkKotlinGradlePluginConfigurationErrors
> Task :app:preBuild UP-TO-DATE
> Task :app:preReleaseBuild UP-TO-DATE
> Task :app:generateReleaseResValues
> Task :app:checkReleaseAarMetadata
> Task :app:mapReleaseSourceSetPaths
> Task :app:generateReleaseResources
> Task :app:packageReleaseResources
> Task :app:mergeReleaseResources
> Task :app:createReleaseCompatibleScreenManifests
> Task :app:extractDeepLinksRelease
> Task :app:parseReleaseLocalResources
> Task :app:processReleaseMainManifest
> Task :app:processReleaseManifest
> Task :app:javaPreCompileRelease
> Task :app:extractProguardFiles
> Task :app:mergeReleaseJniLibFolders
> Task :app:mergeReleaseNativeLibs NO-SOURCE
> Task :app:stripReleaseDebugSymbols NO-SOURCE
> Task :app:extractReleaseNativeSymbolTables NO-SOURCE
> Task :app:mergeReleaseNativeDebugMetadata NO-SOURCE
> Task :app:checkReleaseDuplicateClasses
> Task :app:desugarReleaseFileDependencies
> Task :app:processReleaseManifestForPackage
> Task :app:mergeExtDexRelease
> Task :app:mergeReleaseShaders
> Task :app:mergeReleaseArtProfile
> Task :app:compileReleaseShaders NO-SOURCE
> Task :app:generateReleaseAssets UP-TO-DATE
> Task :app:mergeReleaseAssets
> Task :app:compressReleaseAssets
> Task :app:collectReleaseDependencies
> Task :app:sdkReleaseDependencyData
> Task :app:validateSigningRelease
> Task :app:writeReleaseAppMetadata
> Task :app:writeReleaseSigningConfigVersions
> Task :app:processReleaseResources
> Task :app:optimizeReleaseResources

> Task :app:compileReleaseKotlin FAILED
e: file:///home/runner/work/ITN-Secure-Browser/ITN-Secure-Browser/app/src/main/java/com/itn/securebrowser/ui/sheets/SheetHost.kt:135:9 Unresolved reference: items
e: file:///home/runner/work/ITN-Secure-Browser/ITN-Secure-Browser/app/src/main/java/com/itn/securebrowser/ui/sheets/SheetHost.kt:135:76 Cannot infer a type for this parameter. Please specify it explicitly.
e: file:///home/runner/work/ITN-Secure-Browser/ITN-Secure-Browser/app/src/main/java/com/itn/securebrowser/ui/sheets/SheetHost.kt:136:13 @Composable invocations can only happen from the context of a @Composable function
e: file:///home/runner/work/ITN-Secure-Browser/ITN-Secure-Browser/app/src/main/java/com/itn/securebrowser/ui/sheets/SheetHost.kt:136:53 @Composable invocations can only happen from the context of a @Composable function
e: file:///home/runner/work/ITN-Secure-Browser/ITN-Secure-Browser/app/src/main/java/com/itn/securebrowser/ui/sheets/SheetHost.kt:139:21 @Composable invocations can only happen from the context of a @Composable function
e: file:///home/runner/work/ITN-Secure-Browser/ITN-Secure-Browser/app/src/main/java/com/itn/securebrowser/ui/sheets/SheetHost.kt:168:21 @Composable invocations can only happen from the context of a @Composable function
e: file:///home/runner/work/ITN-Secure-Browser/ITN-Secure-Browser/app/src/main/java/com/itn/securebrowser/ui/sheets/SheetHost.kt:180:21 @Composable invocations can only happen from the context of a @Composable function
e: file:///home/runner/work/ITN-Secure-Browser/ITN-Secure-Browser/app/src/main/java/com/itn/securebrowser/ui/sheets/SheetHost.kt:186:35 Overload resolution ambiguity: 
public inline fun <T> Iterable<TypeVariable(T)>.forEach(action: (TypeVariable(T)) -> Unit): Unit defined in kotlin.collections
public inline fun <K, V> Map<out TypeVariable(K), TypeVariable(V)>.forEach(action: (Map.Entry<TypeVariable(K), TypeVariable(V)>) -> Unit): Unit defined in kotlin.collections
e: file:///home/runner/work/ITN-Secure-Browser/ITN-Secure-Browser/app/src/main/java/com/itn/securebrowser/ui/sheets/SheetHost.kt:186:45 Cannot infer a type for this parameter. Please specify it explicitly.
e: file:///home/runner/work/ITN-Secure-Browser/ITN-Secure-Browser/app/src/main/java/com/itn/securebrowser/ui/sheets/SheetHost.kt:187:29 @Composable invocations can only happen from the context of a @Composable function
e: file:///home/runner/work/ITN-Secure-Browser/ITN-Secure-Browser/app/src/main/java/com/itn/securebrowser/ui/sheets/SheetHost.kt:252:17 'when' expression must be exhaustive, add necessary 'is Action', 'is Confirm', 'is NavBar' branches or 'else' branch instead

FAILURE: Build failed with an exception.

* What went wrong:
Execution failed for task ':app:compileReleaseKotlin'.
> A failure occurred while executing org.jetbrains.kotlin.compilerRunner.GradleCompilerRunnerWithWorkers$GradleKotlinCompilerWorkAction
   > Compilation error. See log for more details

* Try:
> Run with --stacktrace option to get the stack trace.
> Run with --info or --debug option to get more log output.
> Run with --scan to get full insights.
> Get more help at https://help.gradle.org.

BUILD FAILED in 2m 24s
31 actionable tasks: 31 executed
