
Welcome to Gradle 8.9!

Here are the highlights of this release:
 - Enhanced Error and Warning Messages
 - IDE Integration Improvements
 - Daemon JVM Information

For more details see https://docs.gradle.org/8.9/release-notes.html

Starting a Gradle Daemon (subsequent builds will be faster)
> Task :app:preBuild UP-TO-DATE
> Task :app:preReleaseBuild UP-TO-DATE
> Task :app:mergeReleaseJniLibFolders
> Task :app:mergeReleaseNativeLibs
> Task :app:buildKotlinToolingMetadata

> Task :app:stripReleaseDebugSymbols
Unable to strip the following libraries, packaging them as they are: libandroidx.graphics.path.so.

> Task :app:checkKotlinGradlePluginConfigurationErrors SKIPPED
> Task :app:extractReleaseNativeSymbolTables
> Task :app:checkReleaseDuplicateClasses
> Task :app:mergeReleaseNativeDebugMetadata NO-SOURCE
> Task :app:generateReleaseResValues
> Task :app:checkReleaseAarMetadata
> Task :app:mapReleaseSourceSetPaths
> Task :app:generateReleaseResources
> Task :app:packageReleaseResources
> Task :app:mergeReleaseResources
> Task :app:createReleaseCompatibleScreenManifests
> Task :app:extractDeepLinksRelease
> Task :app:parseReleaseLocalResources
> Task :app:processReleaseMainManifest
> Task :app:processReleaseManifest
> Task :app:javaPreCompileRelease
> Task :app:processReleaseManifestForPackage
> Task :app:mergeReleaseArtProfile
> Task :app:extractProguardFiles
> Task :app:mergeReleaseStartupProfile
> Task :app:mergeReleaseShaders
> Task :app:compileReleaseShaders NO-SOURCE
> Task :app:generateReleaseAssets UP-TO-DATE
> Task :app:mergeReleaseAssets
> Task :app:compressReleaseAssets
> Task :app:processReleaseResources FAILED
> Task :app:extractReleaseVersionControlInfo

FAILURE: Build failed with an exception.

* What went wrong:
Execution failed for task ':app:processReleaseResources'.
> A failure occurred while executing com.android.build.gradle.internal.res.LinkApplicationAndroidResourcesTask$TaskAction
   > Android resource linking failed
     ERROR: /home/runner/work/ITN-Secure-Browser/ITN-Secure-Browser/app/src/main/res/drawable/ic_clock.xml:7: AAPT: error: resource attr/colorControlNormal (aka com.itn.securebrowser:attr/colorControlNormal) not found.
         
     ERROR: /home/runner/work/ITN-Secure-Browser/ITN-Secure-Browser/app/src/main/res/drawable/ic_gear.xml:7: AAPT: error: resource attr/colorControlNormal (aka com.itn.securebrowser:attr/colorControlNormal) not found.
         
     ERROR: /home/runner/work/ITN-Secure-Browser/ITN-Secure-Browser/app/src/main/res/drawable/ic_groups.xml:7: AAPT: error: resource attr/colorControlNormal (aka com.itn.securebrowser:attr/colorControlNormal) not found.
         
     ERROR: /home/runner/work/ITN-Secure-Browser/ITN-Secure-Browser/app/src/main/res/drawable/ic_pin.xml:7: AAPT: error: resource attr/colorControlNormal (aka com.itn.securebrowser:attr/colorControlNormal) not found.
         
     ERROR: /home/runner/work/ITN-Secure-Browser/ITN-Secure-Browser/app/src/main/res/drawable/ic_sites.xml:7: AAPT: error: resource attr/colorControlNormal (aka com.itn.securebrowser:attr/colorControlNormal) not found.
         

* Try:
> Run with --stacktrace option to get the stack trace.
> Run with --info or --debug option to get more log output.
> Run with --scan to get full insights.
> Get more help at https://help.gradle.org.

BUILD FAILED in 1m 6s
27 actionable tasks: 27 executed
