
Welcome to Gradle 8.9!

Here are the highlights of this release:
 - Enhanced Error and Warning Messages
 - IDE Integration Improvements
 - Daemon JVM Information

For more details see https://docs.gradle.org/8.9/release-notes.html

Starting a Gradle Daemon (subsequent builds will be faster)
> Task :app:buildKotlinToolingMetadata
> Task :app:checkKotlinGradlePluginConfigurationErrors SKIPPED
> Task :app:preBuild UP-TO-DATE
> Task :app:preReleaseBuild UP-TO-DATE
> Task :app:generateReleaseResValues
> Task :app:checkReleaseAarMetadata
> Task :app:mapReleaseSourceSetPaths
> Task :app:generateReleaseResources
> Task :app:packageReleaseResources
> Task :app:mergeReleaseResources
> Task :app:createReleaseCompatibleScreenManifests
> Task :app:extractDeepLinksRelease
> Task :app:parseReleaseLocalResources
> Task :app:processReleaseMainManifest
> Task :app:processReleaseManifest
> Task :app:javaPreCompileRelease
> Task :app:extractProguardFiles
> Task :app:mergeReleaseJniLibFolders
> Task :app:processReleaseManifestForPackage
> Task :app:mergeReleaseNativeLibs

> Task :app:stripReleaseDebugSymbols
Unable to strip the following libraries, packaging them as they are: libandroidx.graphics.path.so.

> Task :app:processReleaseResources
> Task :app:checkReleaseDuplicateClasses
> Task :app:extractReleaseNativeSymbolTables
> Task :app:desugarReleaseFileDependencies
> Task :app:mergeReleaseNativeDebugMetadata NO-SOURCE
> Task :app:mergeReleaseStartupProfile
> Task :app:compileReleaseKotlin
> Task :app:mergeExtDexRelease
> Task :app:compileReleaseJavaWithJavac NO-SOURCE
> Task :app:generateReleaseLintVitalReportModel
> Task :app:dexBuilderRelease
> Task :app:mergeReleaseArtProfile
> Task :app:mergeReleaseShaders
> Task :app:compileReleaseShaders NO-SOURCE
> Task :app:generateReleaseAssets UP-TO-DATE
> Task :app:mergeReleaseGlobalSynthetics
> Task :app:mergeReleaseAssets
> Task :app:compressReleaseAssets
> Task :app:extractReleaseVersionControlInfo
> Task :app:processReleaseJavaRes
> Task :app:mergeReleaseJavaResource
> Task :app:collectReleaseDependencies
> Task :app:optimizeReleaseResources
> Task :app:sdkReleaseDependencyData
> Task :app:validateSigningRelease
> Task :app:writeReleaseAppMetadata
> Task :app:writeReleaseSigningConfigVersions

> Task :app:lintVitalAnalyzeRelease
java.lang.NegativeArraySizeException: -1
	at org.objectweb.asm.Frame.merge(Frame.java:1233)
	at org.objectweb.asm.MethodWriter.computeAllFrames(MethodWriter.java:1612)
	at org.objectweb.asm.MethodWriter.visitMaxs(MethodWriter.java:1548)
	at org.objectweb.asm.MethodVisitor.visitMaxs(MethodVisitor.java:786)
	at org.objectweb.asm.MethodVisitor.visitMaxs(MethodVisitor.java:786)
	at org.objectweb.asm.ClassReader.readCode(ClassReader.java:2667)
	at org.objectweb.asm.ClassReader.readMethod(ClassReader.java:1515)
	at org.objectweb.asm.ClassReader.accept(ClassReader.java:745)
	at org.objectweb.asm.ClassReader.accept(ClassReader.java:425)
	at com.android.tools.lint.client.api.LintJarApiMigration.migrateClassNames(LintJarApiMigration.kt:862)
	at com.android.tools.lint.client.api.LintJarApiMigration.migrateClass(LintJarApiMigration.kt:136)
	at com.android.tools.lint.client.api.LintJarApiMigration.migrateJar(LintJarApiMigration.kt:106)
	at com.android.tools.lint.client.api.LintJarApiMigration.getMigratedJar(LintJarApiMigration.kt:83)
	at com.android.tools.lint.client.api.LintJarApiMigration$Companion.getMigratedJar(LintJarApiMigration.kt:1412)
	at com.android.tools.lint.client.api.JarFileIssueRegistry$Factory.loadIssueRegistry(JarFileIssueRegistry.kt:367)
	at com.android.tools.lint.client.api.JarFileIssueRegistry$Factory.get(JarFileIssueRegistry.kt:184)
	at com.android.tools.lint.client.api.JarFileIssueRegistry$Factory.get(JarFileIssueRegistry.kt:147)
	at com.android.tools.lint.client.api.JarFileIssueRegistry$Factory.get$default(JarFileIssueRegistry.kt:120)
	at com.android.tools.lint.client.api.LintDriver.registerCustomDetectors(LintDriver.kt:698)
	at com.android.tools.lint.client.api.LintDriver.initializeExtraRegistries(LintDriver.kt:593)
	at com.android.tools.lint.client.api.LintDriver.doAnalyze(LintDriver.kt:489)
	at com.android.tools.lint.client.api.LintDriver.analyzeOnly(LintDriver.kt:442)
	at com.android.tools.lint.LintCliClient$analyzeOnly$1.invoke(LintCliClient.kt:258)
	at com.android.tools.lint.LintCliClient$analyzeOnly$1.invoke(LintCliClient.kt:255)
	at com.android.tools.lint.LintCliClient.run(LintCliClient.kt:312)
	at com.android.tools.lint.LintCliClient.analyzeOnly(LintCliClient.kt:255)
	at com.android.tools.lint.Main.run(Main.java:1766)
	at com.android.tools.lint.Main.run(Main.java:282)
	at java.base/jdk.internal.reflect.NativeMethodAccessorImpl.invoke0(Native Method)
	at java.base/jdk.internal.reflect.NativeMethodAccessorImpl.invoke(NativeMethodAccessorImpl.java:77)
	at java.base/jdk.internal.reflect.DelegatingMethodAccessorImpl.invoke(DelegatingMethodAccessorImpl.java:43)
	at java.base/java.lang.reflect.Method.invoke(Method.java:569)
	at com.android.build.gradle.internal.lint.AndroidLintWorkAction.invokeLintMainRunMethod(AndroidLintWorkAction.kt:103)
	at com.android.build.gradle.internal.lint.AndroidLintWorkAction.runLint(AndroidLintWorkAction.kt:90)
	at com.android.build.gradle.internal.lint.AndroidLintWorkAction.execute(AndroidLintWorkAction.kt:64)
	at org.gradle.workers.internal.DefaultWorkerServer.execute(DefaultWorkerServer.java:63)
	at org.gradle.workers.internal.NoIsolationWorkerFactory$1$1.create(NoIsolationWorkerFactory.java:66)
	at org.gradle.workers.internal.NoIsolationWorkerFactory$1$1.create(NoIsolationWorkerFactory.java:62)
	at org.gradle.internal.classloader.ClassLoaderUtils.executeInClassloader(ClassLoaderUtils.java:100)
	at org.gradle.workers.internal.NoIsolationWorkerFactory$1.lambda$execute$0(NoIsolationWorkerFactory.java:62)
	at org.gradle.workers.internal.AbstractWorker$1.call(AbstractWorker.java:44)
	at org.gradle.workers.internal.AbstractWorker$1.call(AbstractWorker.java:41)
	at org.gradle.internal.operations.DefaultBuildOperationRunner$CallableBuildOperationWorker.execute(DefaultBuildOperationRunner.java:209)
	at org.gradle.internal.operations.DefaultBuildOperationRunner$CallableBuildOperationWorker.execute(DefaultBuildOperationRunner.java:204)
	at org.gradle.internal.operations.DefaultBuildOperationRunner$2.execute(DefaultBuildOperationRunner.java:66)
	at org.gradle.internal.operations.DefaultBuildOperationRunner$2.execute(DefaultBuildOperationRunner.java:59)
	at org.gradle.internal.operations.DefaultBuildOperationRunner.execute(DefaultBuildOperationRunner.java:166)
	at org.gradle.internal.operations.DefaultBuildOperationRunner.execute(DefaultBuildOperationRunner.java:59)
	at org.gradle.internal.operations.DefaultBuildOperationRunner.call(DefaultBuildOperationRunner.java:53)
	at org.gradle.workers.internal.AbstractWorker.executeWrappedInBuildOperation(AbstractWorker.java:41)
	at org.gradle.workers.internal.NoIsolationWorkerFactory$1.execute(NoIsolationWorkerFactory.java:59)
	at org.gradle.workers.internal.DefaultWorkerExecutor.lambda$submitWork$0(DefaultWorkerExecutor.java:174)
	at java.base/java.util.concurrent.FutureTask.run(FutureTask.java:264)
	at org.gradle.internal.work.DefaultConditionalExecutionQueue$ExecutionRunner.runExecution(DefaultConditionalExecutionQueue.java:195)
	at org.gradle.internal.work.DefaultConditionalExecutionQueue$ExecutionRunner.access$700(DefaultConditionalExecutionQueue.java:128)
	at org.gradle.internal.work.DefaultConditionalExecutionQueue$ExecutionRunner$1.run(DefaultConditionalExecutionQueue.java:170)
	at org.gradle.internal.Factories$1.create(Factories.java:31)
	at org.gradle.internal.work.DefaultWorkerLeaseService.withLocks(DefaultWorkerLeaseService.java:267)
	at org.gradle.internal.work.DefaultWorkerLeaseService.runAsWorkerThread(DefaultWorkerLeaseService.java:131)
	at org.gradle.internal.work.DefaultWorkerLeaseService.runAsWorkerThread(DefaultWorkerLeaseService.java:136)
	at org.gradle.internal.work.DefaultConditionalExecutionQueue$ExecutionRunner.runBatch(DefaultConditionalExecutionQueue.java:165)
	at org.gradle.internal.work.DefaultConditionalExecutionQueue$ExecutionRunner.run(DefaultConditionalExecutionQueue.java:134)
	at java.base/java.util.concurrent.Executors$RunnableAdapter.call(Executors.java:539)
	at java.base/java.util.concurrent.FutureTask.run(FutureTask.java:264)
	at org.gradle.internal.concurrent.ExecutorPolicy$CatchAndRecordFailures.onExecute(ExecutorPolicy.java:64)
	at org.gradle.internal.concurrent.AbstractManagedExecutor$1.run(AbstractManagedExecutor.java:48)
	at java.base/java.util.concurrent.ThreadPoolExecutor.runWorker(ThreadPoolExecutor.java:1136)
	at java.base/java.util.concurrent.ThreadPoolExecutor$Worker.run(ThreadPoolExecutor.java:635)
	at java.base/java.lang.Thread.run(Thread.java:840)

> Task :app:mergeDexRelease
> Task :app:compileReleaseArtProfile
> Task :app:lintVitalAnalyzeRelease FAILED
> Task :app:packageRelease
> Task :app:createReleaseApkListingFileRedirect

FAILURE: Build failed with an exception.

* What went wrong:
Execution failed for task ':app:lintVitalAnalyzeRelease'.
> A failure occurred while executing com.android.build.gradle.internal.lint.AndroidLintWorkAction
   > Unexpected failure during lint analysis (this is a bug in lint or one of the libraries it depends on)
     
     Message: Unexpected failure during lint analysis (this is a bug in lint or one of the libraries it depends on)
     
     Message: Unexpected failure during lint analysis of BaseActivity.kt (this is a bug in lint or one of the libraries it depends on)
     
     Message: Found class org.jetbrains.kotlin.analysis.api.resolution.KaCallableMemberCall, but interface was expected
     
     The crash seems to involve the detector \\\`androidx.lifecycle.lint.NonNullableMutableLiveDataDetector\\\`.
     You can try disabling it with something like this:
         android {
             lint {
                 disable "NullSafeMutableLiveData"
             }
         }
     
     Stack: \\\`IncompatibleClassChangeError:NonNullableMutableLiveDataDetector$createUastHandler$1.visitCallExpression(NonNullableMutableLiveDataDetector.kt:140)←UElementVisitor$DispatchUastVisitor.visitCallExpression(UElementVisitor.kt:412)←UElementVisitor$DelegatingUastVisitor.visitCallExpression(UElementVisitor.kt:756)←UCallExpression.accept(UCallExpression.kt:94)←UQualifiedReferenceExpression.accept(UQualifiedReferenceExpression.kt:34)←ImplementationUtilsKt.acceptList(implementationUtils.kt:15)←UBlockExpression.accept(UBlockExpression.kt:21)←UMethod.accept(UMethod.kt:45)←ImplementationUtilsKt.acceptList(implementationUtils.kt:15)←AbstractKotlinUClass.accept(AbstractKotlinUClass.kt:213)←ImplementationUtilsKt.acceptList(implementationUtils.kt:15)←UFile.accept(UFile.kt:89)←UastLintUtilsKt.acceptSourceFile(UastLintUtils.kt:953)←UElementVisitor$visitFile$3.run(UElementVisitor.kt:216)←LintClient.runReadAction(LintClient.kt:1781)←LintDriver$LintClientWrapper.runReadAction(LintDriver.kt:2747)←UElementVisitor.visitFile(UElementVisitor.kt:213)←LintDriver$visitUastDetectors$1.run(LintDriver.kt:2048)←LintClient.runReadAction(LintClient.kt:1781)←LintDriver$LintClientWrapper.runReadAction(LintDriver.kt:2747)←LintDriver.visitUastDetectors(LintDriver.kt:2048)←LintDriver.visitUast(LintDriver.kt:2010)←LintDriver.runFileDetectors(LintDriver.kt:1284)←LintDriver.checkProject(LintDriver.kt:1070)←LintDriver.checkProjectRoot(LintDriver.kt:622)←LintDriver.access$checkProjectRoot(LintDriver.kt:174)←LintDriver$analyzeOnly$1.invoke(LintDriver.kt:445)←LintDriver$analyzeOnly$1.invoke(LintDriver.kt:442)←LintDriver.doAnalyze(LintDriver.kt:501)←LintDriver.analyzeOnly(LintDriver.kt:442)←LintCliClient$analyzeOnly$1.invoke(LintCliClient.kt:258)←LintCliClient$analyzeOnly$1.invoke(LintCliClient.kt:255)←LintCliClient.run(LintCliClient.kt:312)←LintCliClient.analyzeOnly(LintCliClient.kt:255)←Main.run(Main.java:1766)←Main.run(Main.java:282)←NativeMethodAccessorImpl.invoke0(NativeMethodAccessorImpl.java:-2)←NativeMethodAccessorImpl.invoke(NativeMethodAccessorImpl.java:77)←DelegatingMethodAccessorImpl.invoke(DelegatingMethodAccessorImpl.java:43)←Method.invoke(Method.java:569)←AndroidLintWorkAction.invokeLintMainRunMethod(AndroidLintWorkAction.kt:103)←AndroidLintWorkAction.runLint(AndroidLintWorkAction.kt:90)←AndroidLintWorkAction.execute(AndroidLintWorkAction.kt:64)←DefaultWorkerServer.execute(DefaultWorkerServer.java:63)←NoIsolationWorkerFactory$1$1.create(NoIsolationWorkerFactory.java:66)←NoIsolationWorkerFactory$1$1.create(NoIsolationWorkerFactory.java:62)←ClassLoaderUtils.executeInClassloader(ClassLoaderUtils.java:100)←NoIsolationWorkerFactory$1.lambda$execute$0(NoIsolationWorkerFactory.java:62)←AbstractWorker$1.call(AbstractWorker.java:44)←AbstractWorker$1.call(AbstractWorker.java:41)←DefaultBuildOperationRunner$CallableBuildOperationWorker.execute(DefaultBuildOperationRunner.java:209)←DefaultBuildOperationRunner$CallableBuildOperationWorker.execute(DefaultBuildOperationRunner.java:204)←DefaultBuildOperationRunner$2.execute(DefaultBuildOperationRunner.java:66)←DefaultBuildOperationRunner$2.execute(DefaultBuildOperationRunner.java:59)←DefaultBuildOperationRunner.execute(DefaultBuildOperationRunner.java:166)←DefaultBuildOperationRunner.execute(DefaultBuildOperationRunner.java:59)←DefaultBuildOperationRunner.call(DefaultBuildOperationRunner.java:53)←AbstractWorker.executeWrappedInBuildOperation(AbstractWorker.java:41)←NoIsolationWorkerFactory$1.execute(NoIsolationWorkerFactory.java:59)←DefaultWorkerExecutor.lambda$submitWork$0(DefaultWorkerExecutor.java:174)←FutureTask.run(FutureTask.java:264)←DefaultConditionalExecutionQueue$ExecutionRunner.runExecution(DefaultConditionalExecutionQueue.java:195)←DefaultConditionalExecutionQueue$ExecutionRunner.access$700(DefaultConditionalExecutionQueue.java:128)←DefaultConditionalExecutionQueue$ExecutionRunner$1.run(DefaultConditionalExecutionQueue.java:170)←Factories$1.create(Factories.java:31)←DefaultWorkerLeaseService.withLocks(DefaultWorkerLeaseService.java:267)←DefaultWorkerLeaseService.runAsWorkerThread(DefaultWorkerLeaseService.java:131)←DefaultWorkerLeaseService.runAsWorkerThread(DefaultWorkerLeaseService.java:136)←DefaultConditionalExecutionQueue$ExecutionRunner.runBatch(DefaultConditionalExecutionQueue.java:165)←DefaultConditionalExecutionQueue$ExecutionRunner.run(DefaultConditionalExecutionQueue.java:134)←Executors$RunnableAdapter.call(Executors.java:539)←FutureTask.run(FutureTask.java:264)←ExecutorPolicy$CatchAndRecordFailures.onExecute(ExecutorPolicy.java:64)←AbstractManagedExecutor$1.run(AbstractManagedExecutor.java:48)←ThreadPoolExecutor.runWorker(ThreadPoolExecutor.java:1136)←ThreadPoolExecutor$Worker.run(ThreadPoolExecutor.java:635)←Thread.run(Thread.java:840)\\\`
     
     You can run with --stacktrace or set environment variable \\\`LINT_PRINT_STACKTRACE=true\\\` to dump a full stacktrace to stdout.
     Stack: \`RuntimeException:LintDriver$Companion.handleDetectorError(LintDriver.kt:3740)←LintDriver$Companion.handleDetectorError$default(LintDriver.kt:3607)←LintDriver$Companion.handleDetectorError(LintDriver.kt:3603)←UElementVisitor.visitFile(UElementVisitor.kt:242)←LintDriver$visitUastDetectors$1.run(LintDriver.kt:2048)←LintClient.runReadAction(LintClient.kt:1781)←LintDriver$LintClientWrapper.runReadAction(LintDriver.kt:2747)←LintDriver.visitUastDetectors(LintDriver.kt:2048)←LintDriver.visitUast(LintDriver.kt:2010)←LintDriver.runFileDetectors(LintDriver.kt:1284)←LintDriver.checkProject(LintDriver.kt:1070)←LintDriver.checkProjectRoot(LintDriver.kt:622)←LintDriver.access$checkProjectRoot(LintDriver.kt:174)←LintDriver$analyzeOnly$1.invoke(LintDriver.kt:445)←LintDriver$analyzeOnly$1.invoke(LintDriver.kt:442)←LintDriver.doAnalyze(LintDriver.kt:501)←LintDriver.analyzeOnly(LintDriver.kt:442)←LintCliClient$analyzeOnly$1.invoke(LintCliClient.kt:258)←LintCliClient$analyzeOnly$1.invoke(LintCliClient.kt:255)←LintCliClient.run(LintCliClient.kt:312)←LintCliClient.analyzeOnly(LintCliClient.kt:255)←Main.run(Main.java:1766)←Main.run(Main.java:282)←NativeMethodAccessorImpl.invoke0(NativeMethodAccessorImpl.java:-2)←NativeMethodAccessorImpl.invoke(NativeMethodAccessorImpl.java:77)←DelegatingMethodAccessorImpl.invoke(DelegatingMethodAccessorImpl.java:43)←Method.invoke(Method.java:569)←AndroidLintWorkAction.invokeLintMainRunMethod(AndroidLintWorkAction.kt:103)←AndroidLintWorkAction.runLint(AndroidLintWorkAction.kt:90)←AndroidLintWorkAction.execute(AndroidLintWorkAction.kt:64)←DefaultWorkerServer.execute(DefaultWorkerServer.java:63)←NoIsolationWorkerFactory$1$1.create(NoIsolationWorkerFactory.java:66)←NoIsolationWorkerFactory$1$1.create(NoIsolationWorkerFactory.java:62)←ClassLoaderUtils.executeInClassloader(ClassLoaderUtils.java:100)←NoIsolationWorkerFactory$1.lambda$execute$0(NoIsolationWorkerFactory.java:62)←AbstractWorker$1.call(AbstractWorker.java:44)←AbstractWorker$1.call(AbstractWorker.java:41)←DefaultBuildOperationRunner$CallableBuildOperationWorker.execute(DefaultBuildOperationRunner.java:209)←DefaultBuildOperationRunner$CallableBuildOperationWorker.execute(DefaultBuildOperationRunner.java:204)←DefaultBuildOperationRunner$2.execute(DefaultBuildOperationRunner.java:66)←DefaultBuildOperationRunner$2.execute(DefaultBuildOperationRunner.java:59)←DefaultBuildOperationRunner.execute(DefaultBuildOperationRunner.java:166)←DefaultBuildOperationRunner.execute(DefaultBuildOperationRunner.java:59)←DefaultBuildOperationRunner.call(DefaultBuildOperationRunner.java:53)←AbstractWorker.executeWrappedInBuildOperation(AbstractWorker.java:41)←NoIsolationWorkerFactory$1.execute(NoIsolationWorkerFactory.java:59)←DefaultWorkerExecutor.lambda$submitWork$0(DefaultWorkerExecutor.java:174)←FutureTask.run(FutureTask.java:264)←DefaultConditionalExecutionQueue$ExecutionRunner.runExecution(DefaultConditionalExecutionQueue.java:195)←DefaultConditionalExecutionQueue$ExecutionRunner.access$700(DefaultConditionalExecutionQueue.java:128)←DefaultConditionalExecutionQueue$ExecutionRunner$1.run(DefaultConditionalExecutionQueue.java:170)←Factories$1.create(Factories.java:31)←DefaultWorkerLeaseService.withLocks(DefaultWorkerLeaseService.java:267)←DefaultWorkerLeaseService.runAsWorkerThread(DefaultWorkerLeaseService.java:131)←DefaultWorkerLeaseService.runAsWorkerThread(DefaultWorkerLeaseService.java:136)←DefaultConditionalExecutionQueue$ExecutionRunner.runBatch(DefaultConditionalExecutionQueue.java:165)←DefaultConditionalExecutionQueue$ExecutionRunner.run(DefaultConditionalExecutionQueue.java:134)←Executors$RunnableAdapter.call(Executors.java:539)←FutureTask.run(FutureTask.java:264)←ExecutorPolicy$CatchAndRecordFailures.onExecute(ExecutorPolicy.java:64)←AbstractManagedExecutor$1.run(AbstractManagedExecutor.java:48)←ThreadPoolExecutor.runWorker(ThreadPoolExecutor.java:1136)←ThreadPoolExecutor$Worker.run(ThreadPoolExecutor.java:635)←Thread.run(Thread.java:840)\`
     
     You can run with --stacktrace or set environment variable \`LINT_PRINT_STACKTRACE=true\` to dump a full stacktrace to stdout.
     Stack: `RuntimeException:LintDriver$Companion.handleDetectorError(LintDriver.kt:3740)←LintDriver$Companion.handleDetectorError$default(LintDriver.kt:3607)←LintDriver$Companion.handleDetectorError(LintDriver.kt:3603)←LintDriver$analyzeOnly$1.invoke(LintDriver.kt:447)←LintDriver$analyzeOnly$1.invoke(LintDriver.kt:442)←LintDriver.doAnalyze(LintDriver.kt:501)←LintDriver.analyzeOnly(LintDriver.kt:442)←LintCliClient$analyzeOnly$1.invoke(LintCliClient.kt:258)←LintCliClient$analyzeOnly$1.invoke(LintCliClient.kt:255)←LintCliClient.run(LintCliClient.kt:312)←LintCliClient.analyzeOnly(LintCliClient.kt:255)←Main.run(Main.java:1766)←Main.run(Main.java:282)←NativeMethodAccessorImpl.invoke0(NativeMethodAccessorImpl.java:-2)←NativeMethodAccessorImpl.invoke(NativeMethodAccessorImpl.java:77)←DelegatingMethodAccessorImpl.invoke(DelegatingMethodAccessorImpl.java:43)←Method.invoke(Method.java:569)←AndroidLintWorkAction.invokeLintMainRunMethod(AndroidLintWorkAction.kt:103)←AndroidLintWorkAction.runLint(AndroidLintWorkAction.kt:90)←AndroidLintWorkAction.execute(AndroidLintWorkAction.kt:64)←DefaultWorkerServer.execute(DefaultWorkerServer.java:63)←NoIsolationWorkerFactory$1$1.create(NoIsolationWorkerFactory.java:66)←NoIsolationWorkerFactory$1$1.create(NoIsolationWorkerFactory.java:62)←ClassLoaderUtils.executeInClassloader(ClassLoaderUtils.java:100)←NoIsolationWorkerFactory$1.lambda$execute$0(NoIsolationWorkerFactory.java:62)←AbstractWorker$1.call(AbstractWorker.java:44)←AbstractWorker$1.call(AbstractWorker.java:41)←DefaultBuildOperationRunner$CallableBuildOperationWorker.execute(DefaultBuildOperationRunner.java:209)←DefaultBuildOperationRunner$CallableBuildOperationWorker.execute(DefaultBuildOperationRunner.java:204)←DefaultBuildOperationRunner$2.execute(DefaultBuildOperationRunner.java:66)←DefaultBuildOperationRunner$2.execute(DefaultBuildOperationRunner.java:59)←DefaultBuildOperationRunner.execute(DefaultBuildOperationRunner.java:166)←DefaultBuildOperationRunner.execute(DefaultBuildOperationRunner.java:59)←DefaultBuildOperationRunner.call(DefaultBuildOperationRunner.java:53)←AbstractWorker.executeWrappedInBuildOperation(AbstractWorker.java:41)←NoIsolationWorkerFactory$1.execute(NoIsolationWorkerFactory.java:59)←DefaultWorkerExecutor.lambda$submitWork$0(DefaultWorkerExecutor.java:174)←FutureTask.run(FutureTask.java:264)←DefaultConditionalExecutionQueue$ExecutionRunner.runExecution(DefaultConditionalExecutionQueue.java:195)←DefaultConditionalExecutionQueue$ExecutionRunner.access$700(DefaultConditionalExecutionQueue.java:128)←DefaultConditionalExecutionQueue$ExecutionRunner$1.run(DefaultConditionalExecutionQueue.java:170)←Factories$1.create(Factories.java:31)←DefaultWorkerLeaseService.withLocks(DefaultWorkerLeaseService.java:267)←DefaultWorkerLeaseService.runAsWorkerThread(DefaultWorkerLeaseService.java:131)←DefaultWorkerLeaseService.runAsWorkerThread(DefaultWorkerLeaseService.java:136)←DefaultConditionalExecutionQueue$ExecutionRunner.runBatch(DefaultConditionalExecutionQueue.java:165)←DefaultConditionalExecutionQueue$ExecutionRunner.run(DefaultConditionalExecutionQueue.java:134)←Executors$RunnableAdapter.call(Executors.java:539)←FutureTask.run(FutureTask.java:264)←ExecutorPolicy$CatchAndRecordFailures.onExecute(ExecutorPolicy.java:64)←AbstractManagedExecutor$1.run(AbstractManagedExecutor.java:48)←ThreadPoolExecutor.runWorker(ThreadPoolExecutor.java:1136)←ThreadPoolExecutor$Worker.run(ThreadPoolExecutor.java:635)←Thread.run(Thread.java:840)`
     
     You can run with --stacktrace or set environment variable `LINT_PRINT_STACKTRACE=true` to dump a full stacktrace to stdout.

* Try:
> Run with --stacktrace option to get the stack trace.
> Run with --info or --debug option to get more log output.
> Run with --scan to get full insights.
> Get more help at https://help.gradle.org.

BUILD FAILED in 3m 16s
46 actionable tasks: 46 executed
